Archive member included to satisfy reference by file (symbol)

c:/program files (x86)/atmel/studio/7.0/toolchain/avr8/avr8-gnu-toolchain/bin/../lib/gcc/avr/5.4.0/../../../../avr/lib/avr5\libm.a(addsf3.o)
                              LCD/LCD_prog.o (__subsf3)
c:/program files (x86)/atmel/studio/7.0/toolchain/avr8/avr8-gnu-toolchain/bin/../lib/gcc/avr/5.4.0/../../../../avr/lib/avr5\libm.a(addsf3x.o)
                              c:/program files (x86)/atmel/studio/7.0/toolchain/avr8/avr8-gnu-toolchain/bin/../lib/gcc/avr/5.4.0/../../../../avr/lib/avr5\libm.a(addsf3.o) (__addsf3x)
c:/program files (x86)/atmel/studio/7.0/toolchain/avr8/avr8-gnu-toolchain/bin/../lib/gcc/avr/5.4.0/../../../../avr/lib/avr5\libm.a(divsf3.o)
                              SRVM/SRVM_Program.o (__divsf3)
c:/program files (x86)/atmel/studio/7.0/toolchain/avr8/avr8-gnu-toolchain/bin/../lib/gcc/avr/5.4.0/../../../../avr/lib/avr5\libm.a(divsf3x.o)
                              c:/program files (x86)/atmel/studio/7.0/toolchain/avr8/avr8-gnu-toolchain/bin/../lib/gcc/avr/5.4.0/../../../../avr/lib/avr5\libm.a(divsf3.o) (__divsf3x)
c:/program files (x86)/atmel/studio/7.0/toolchain/avr8/avr8-gnu-toolchain/bin/../lib/gcc/avr/5.4.0/../../../../avr/lib/avr5\libm.a(fixunssfsi.o)
                              LCD/LCD_prog.o (__fixunssfsi)
c:/program files (x86)/atmel/studio/7.0/toolchain/avr8/avr8-gnu-toolchain/bin/../lib/gcc/avr/5.4.0/../../../../avr/lib/avr5\libm.a(floatsisf.o)
                              LCD/LCD_prog.o (__floatunsisf)
c:/program files (x86)/atmel/studio/7.0/toolchain/avr8/avr8-gnu-toolchain/bin/../lib/gcc/avr/5.4.0/../../../../avr/lib/avr5\libm.a(fp_inf.o)
                              c:/program files (x86)/atmel/studio/7.0/toolchain/avr8/avr8-gnu-toolchain/bin/../lib/gcc/avr/5.4.0/../../../../avr/lib/avr5\libm.a(addsf3x.o) (__fp_inf)
c:/program files (x86)/atmel/studio/7.0/toolchain/avr8/avr8-gnu-toolchain/bin/../lib/gcc/avr/5.4.0/../../../../avr/lib/avr5\libm.a(fp_nan.o)
                              c:/program files (x86)/atmel/studio/7.0/toolchain/avr8/avr8-gnu-toolchain/bin/../lib/gcc/avr/5.4.0/../../../../avr/lib/avr5\libm.a(addsf3x.o) (__fp_nan)
c:/program files (x86)/atmel/studio/7.0/toolchain/avr8/avr8-gnu-toolchain/bin/../lib/gcc/avr/5.4.0/../../../../avr/lib/avr5\libm.a(fp_pscA.o)
                              c:/program files (x86)/atmel/studio/7.0/toolchain/avr8/avr8-gnu-toolchain/bin/../lib/gcc/avr/5.4.0/../../../../avr/lib/avr5\libm.a(addsf3x.o) (__fp_pscA)
c:/program files (x86)/atmel/studio/7.0/toolchain/avr8/avr8-gnu-toolchain/bin/../lib/gcc/avr/5.4.0/../../../../avr/lib/avr5\libm.a(fp_pscB.o)
                              c:/program files (x86)/atmel/studio/7.0/toolchain/avr8/avr8-gnu-toolchain/bin/../lib/gcc/avr/5.4.0/../../../../avr/lib/avr5\libm.a(addsf3x.o) (__fp_pscB)
c:/program files (x86)/atmel/studio/7.0/toolchain/avr8/avr8-gnu-toolchain/bin/../lib/gcc/avr/5.4.0/../../../../avr/lib/avr5\libm.a(fp_round.o)
                              c:/program files (x86)/atmel/studio/7.0/toolchain/avr8/avr8-gnu-toolchain/bin/../lib/gcc/avr/5.4.0/../../../../avr/lib/avr5\libm.a(addsf3.o) (__fp_round)
c:/program files (x86)/atmel/studio/7.0/toolchain/avr8/avr8-gnu-toolchain/bin/../lib/gcc/avr/5.4.0/../../../../avr/lib/avr5\libm.a(fp_split3.o)
                              c:/program files (x86)/atmel/studio/7.0/toolchain/avr8/avr8-gnu-toolchain/bin/../lib/gcc/avr/5.4.0/../../../../avr/lib/avr5\libm.a(addsf3x.o) (__fp_split3)
c:/program files (x86)/atmel/studio/7.0/toolchain/avr8/avr8-gnu-toolchain/bin/../lib/gcc/avr/5.4.0/../../../../avr/lib/avr5\libm.a(fp_zero.o)
                              c:/program files (x86)/atmel/studio/7.0/toolchain/avr8/avr8-gnu-toolchain/bin/../lib/gcc/avr/5.4.0/../../../../avr/lib/avr5\libm.a(addsf3x.o) (__fp_zero)
c:/program files (x86)/atmel/studio/7.0/toolchain/avr8/avr8-gnu-toolchain/bin/../lib/gcc/avr/5.4.0/../../../../avr/lib/avr5\libm.a(mulsf3.o)
                              LCD/LCD_prog.o (__mulsf3)
c:/program files (x86)/atmel/studio/7.0/toolchain/avr8/avr8-gnu-toolchain/bin/../lib/gcc/avr/5.4.0/../../../../avr/lib/avr5\libm.a(mulsf3x.o)
                              c:/program files (x86)/atmel/studio/7.0/toolchain/avr8/avr8-gnu-toolchain/bin/../lib/gcc/avr/5.4.0/../../../../avr/lib/avr5\libm.a(mulsf3.o) (__mulsf3x)
c:/program files (x86)/atmel/studio/7.0/toolchain/avr8/avr8-gnu-toolchain/bin/../lib/gcc/avr/5.4.0/avr5\libgcc.a(_udivmodsi4.o)
                              LCD/LCD_prog.o (__udivmodsi4)
c:/program files (x86)/atmel/studio/7.0/toolchain/avr8/avr8-gnu-toolchain/bin/../lib/gcc/avr/5.4.0/avr5\libgcc.a(_divmodsi4.o)
                              Smart_home.o (__divmodsi4)
c:/program files (x86)/atmel/studio/7.0/toolchain/avr8/avr8-gnu-toolchain/bin/../lib/gcc/avr/5.4.0/avr5\libgcc.a(_negsi2.o)
                              c:/program files (x86)/atmel/studio/7.0/toolchain/avr8/avr8-gnu-toolchain/bin/../lib/gcc/avr/5.4.0/avr5\libgcc.a(_divmodsi4.o) (__negsi2)
c:/program files (x86)/atmel/studio/7.0/toolchain/avr8/avr8-gnu-toolchain/bin/../lib/gcc/avr/5.4.0/avr5\libgcc.a(_exit.o)
                              C:/Program Files (x86)/Atmel/Studio/7.0/Packs/Atmel/ATmega_DFP/1.7.374/gcc/dev/atmega32/avr5/crtatmega32.o (exit)
c:/program files (x86)/atmel/studio/7.0/toolchain/avr8/avr8-gnu-toolchain/bin/../lib/gcc/avr/5.4.0/avr5\libgcc.a(_tablejump2.o)
                              LCD/LCD_prog.o (__tablejump2__)
c:/program files (x86)/atmel/studio/7.0/toolchain/avr8/avr8-gnu-toolchain/bin/../lib/gcc/avr/5.4.0/avr5\libgcc.a(_copy_data.o)
                              ADC/ADC_Program.o (__do_copy_data)
c:/program files (x86)/atmel/studio/7.0/toolchain/avr8/avr8-gnu-toolchain/bin/../lib/gcc/avr/5.4.0/avr5\libgcc.a(_clear_bss.o)
                              ADC/ADC_Program.o (__do_clear_bss)
c:/program files (x86)/atmel/studio/7.0/toolchain/avr8/avr8-gnu-toolchain/bin/../lib/gcc/avr/5.4.0/avr5\libgcc.a(_umulhisi3.o)
                              Smart_home.o (__umulhisi3)

Allocating common symbols
Common symbol       size              file

TEMP                0x1               main.o
Enter_pass          0x4               Smart_home.o

Discarded input sections

 .data          0x00000000        0x0 C:/Program Files (x86)/Atmel/Studio/7.0/Packs/Atmel/ATmega_DFP/1.7.374/gcc/dev/atmega32/avr5/crtatmega32.o
 .bss           0x00000000        0x0 C:/Program Files (x86)/Atmel/Studio/7.0/Packs/Atmel/ATmega_DFP/1.7.374/gcc/dev/atmega32/avr5/crtatmega32.o
 .text          0x00000000        0x0 ADC/ADC_Program.o
 .data          0x00000000        0x0 ADC/ADC_Program.o
 .bss           0x00000000        0x0 ADC/ADC_Program.o
 .text.ADC_ReadScanGroup
                0x00000000       0x58 ADC/ADC_Program.o
 .text.ADC_InterruptEnable
                0x00000000       0x12 ADC/ADC_Program.o
 .text.ADC_SetCallBack
                0x00000000        0xa ADC/ADC_Program.o
 .data.ptr      0x00000000        0x4 ADC/ADC_Program.o
 .data.AdcScanGroup0
                0x00000000        0x4 ADC/ADC_Program.o
 .data.AdcScanGroup1
                0x00000000        0x4 ADC/ADC_Program.o
 .text          0x00000000        0x0 DIO/DIO_PROG.o
 .data          0x00000000        0x0 DIO/DIO_PROG.o
 .bss           0x00000000        0x0 DIO/DIO_PROG.o
 .text.DIO_ReadPinVal
                0x00000000       0x34 DIO/DIO_PROG.o
 .text.DIO_ReadportVal
                0x00000000       0x20 DIO/DIO_PROG.o
 .rodata.ArrPIN
                0x00000000        0x8 DIO/DIO_PROG.o
 .text          0x00000000        0x0 Ext_EEPROM/EEPROM_program.o
 .data          0x00000000        0x0 Ext_EEPROM/EEPROM_program.o
 .bss           0x00000000        0x0 Ext_EEPROM/EEPROM_program.o
 .text.EEPROM_voidInit
                0x00000000        0x8 Ext_EEPROM/EEPROM_program.o
 .text.EEPROM_voidWriteByte
                0x00000000       0x3c Ext_EEPROM/EEPROM_program.o
 .text.EEPROM_voidReadByte
                0x00000000       0x50 Ext_EEPROM/EEPROM_program.o
 .text.EEPROM_voidWritePage
                0x00000000       0x56 Ext_EEPROM/EEPROM_program.o
 .text.EEPROM_voidReadPage
                0x00000000       0x66 Ext_EEPROM/EEPROM_program.o
 .debug_info    0x00000000      0x547 Ext_EEPROM/EEPROM_program.o
 .debug_abbrev  0x00000000      0x159 Ext_EEPROM/EEPROM_program.o
 .debug_loc     0x00000000      0x4aa Ext_EEPROM/EEPROM_program.o
 .debug_aranges
                0x00000000       0x40 Ext_EEPROM/EEPROM_program.o
 .debug_ranges  0x00000000       0x30 Ext_EEPROM/EEPROM_program.o
 .debug_line    0x00000000      0x2ee Ext_EEPROM/EEPROM_program.o
 .debug_str     0x00000000      0x394 Ext_EEPROM/EEPROM_program.o
 .comment       0x00000000       0x31 Ext_EEPROM/EEPROM_program.o
 .debug_frame   0x00000000       0xc0 Ext_EEPROM/EEPROM_program.o
 .text          0x00000000        0x0 GI/GI_Prog.o
 .data          0x00000000        0x0 GI/GI_Prog.o
 .bss           0x00000000        0x0 GI/GI_Prog.o
 .text.GI_Disable
                0x00000000        0x8 GI/GI_Prog.o
 .text          0x00000000        0x0 I2C/TWI_program.o
 .data          0x00000000        0x0 I2C/TWI_program.o
 .bss           0x00000000        0x0 I2C/TWI_program.o
 .text.TWI_voidInitMaster
                0x00000000       0x26 I2C/TWI_program.o
 .text.TWI_voidSendStartCondition
                0x00000000       0x1c I2C/TWI_program.o
 .text.TWI_voidSendRepStartCondition
                0x00000000       0x1c I2C/TWI_program.o
 .text.TWI_voidSendStopCondition
                0x00000000        0xe I2C/TWI_program.o
 .text.TWI_voidSendSlaveAddWithWrite
                0x00000000       0x2a I2C/TWI_program.o
 .text.TWI_voidSendSlaveAddWithRead
                0x00000000       0x2a I2C/TWI_program.o
 .text.TWI_voidSendMasterDataByte
                0x00000000       0x18 I2C/TWI_program.o
 .text.TWI_voidRecieveMasterDataByte
                0x00000000       0x20 I2C/TWI_program.o
 .debug_info    0x00000000      0x1b4 I2C/TWI_program.o
 .debug_abbrev  0x00000000       0x90 I2C/TWI_program.o
 .debug_loc     0x00000000       0xb8 I2C/TWI_program.o
 .debug_aranges
                0x00000000       0x58 I2C/TWI_program.o
 .debug_ranges  0x00000000       0x48 I2C/TWI_program.o
 .debug_line    0x00000000      0x261 I2C/TWI_program.o
 .debug_str     0x00000000      0x2ca I2C/TWI_program.o
 .comment       0x00000000       0x31 I2C/TWI_program.o
 .debug_frame   0x00000000       0x94 I2C/TWI_program.o
 .text          0x00000000        0x0 KeyPad/KeyPad_program.o
 .data          0x00000000        0x0 KeyPad/KeyPad_program.o
 .bss           0x00000000        0x0 KeyPad/KeyPad_program.o
 .text.KEYPAD_read
                0x00000000      0x114 KeyPad/KeyPad_program.o
 .rodata.keypad_matrix
                0x00000000       0x10 KeyPad/KeyPad_program.o
 .text          0x00000000        0x0 LCD/LCD_prog.o
 .data          0x00000000        0x0 LCD/LCD_prog.o
 .bss           0x00000000        0x0 LCD/LCD_prog.o
 .text.LCD_write_data
                0x00000000       0x58 LCD/LCD_prog.o
 .text.LCD_write_string
                0x00000000       0x2c LCD/LCD_prog.o
 .text.LCD_Clear
                0x00000000        0xe LCD/LCD_prog.o
 .text.LCD_Shift_Left
                0x00000000        0x8 LCD/LCD_prog.o
 .text.LCD_Shift_Right
                0x00000000        0x8 LCD/LCD_prog.o
 .text.LCD_Pattern
                0x00000000      0x15a LCD/LCD_prog.o
 .progmem.gcc_sw_table.LCD_Pattern
                0x00000000       0x10 LCD/LCD_prog.o
 .text.LCD_Position
                0x00000000       0x52 LCD/LCD_prog.o
 .text.LCD_write_num
                0x00000000       0xe4 LCD/LCD_prog.o
 .rodata.str1.1
                0x00000000        0x2 LCD/LCD_prog.o
 .text.LCD_write_num_float
                0x00000000       0x6a LCD/LCD_prog.o
 .data.Character7
                0x00000000        0x8 LCD/LCD_prog.o
 .data.Character6
                0x00000000        0x8 LCD/LCD_prog.o
 .data.Character5
                0x00000000        0x8 LCD/LCD_prog.o
 .data.Character4
                0x00000000        0x8 LCD/LCD_prog.o
 .data.Character3
                0x00000000        0x8 LCD/LCD_prog.o
 .data.Character2
                0x00000000        0x8 LCD/LCD_prog.o
 .data.Character1
                0x00000000        0x8 LCD/LCD_prog.o
 .data.Character0
                0x00000000        0x8 LCD/LCD_prog.o
 .text          0x00000000        0x0 main.o
 .data          0x00000000        0x0 main.o
 .bss           0x00000000        0x0 main.o
 COMMON         0x00000000        0x1 main.o
 .text          0x00000000        0x0 Smart_home.o
 .data          0x00000000        0x0 Smart_home.o
 .bss           0x00000000        0x0 Smart_home.o
 .text.Return_Key_value
                0x00000000       0x2c Smart_home.o
 .text.convert_To_Int
                0x00000000       0x36 Smart_home.o
 .rodata.str1.1
                0x00000000       0x70 Smart_home.o
 .text.Automated_Door_Lock
                0x00000000      0x168 Smart_home.o
 .text.LCD_First_Write_Pass
                0x00000000       0x12 Smart_home.o
 .text.convert_To_String
                0x00000000       0xc8 Smart_home.o
 .bss.User_mode
                0x00000000        0x1 Smart_home.o
 .bss.menu_flag
                0x00000000        0x1 Smart_home.o
 .bss.mode_flag
                0x00000000        0x1 Smart_home.o
 .bss.flag      0x00000000        0x1 Smart_home.o
 .data.trials   0x00000000        0x1 Smart_home.o
 .data.pass     0x00000000        0x2 Smart_home.o
 COMMON         0x00000000        0x4 Smart_home.o
 .text          0x00000000        0x0 SPI/SPI_Program.o
 .data          0x00000000        0x0 SPI/SPI_Program.o
 .bss           0x00000000        0x0 SPI/SPI_Program.o
 .text.SPI_Master_Initialize
                0x00000000       0x1e SPI/SPI_Program.o
 .text.SPI_Transmit
                0x00000000        0x8 SPI/SPI_Program.o
 .text.SPI_Receive
                0x00000000        0x8 SPI/SPI_Program.o
 .text          0x00000000        0x0 SRVM/SRVM_Program.o
 .data          0x00000000        0x0 SRVM/SRVM_Program.o
 .bss           0x00000000        0x0 SRVM/SRVM_Program.o
 .text.SRVM_voidOff
                0x00000000       0x14 SRVM/SRVM_Program.o
 .text          0x00000000        0x0 Timer0/TIMR0_Program.o
 .data          0x00000000        0x0 Timer0/TIMR0_Program.o
 .bss           0x00000000        0x0 Timer0/TIMR0_Program.o
 .text.TIMER0_voidStop
                0x00000000       0x14 Timer0/TIMR0_Program.o
 .text.TIMER0_voidSetDelayUsingCTC_Ms
                0x00000000        0xe Timer0/TIMR0_Program.o
 .text.TIMER0_voidSetCompareVal
                0x00000000        0x4 Timer0/TIMR0_Program.o
 .text.TIMER0_voidetCallBackOV
                0x00000000        0xe Timer0/TIMR0_Program.o
 .text.TIMER0_voidetCallBackCTC
                0x00000000        0xe Timer0/TIMR0_Program.o
 .text          0x00000000        0x0 Timer1/Timer1_Prog.o
 .data          0x00000000        0x0 Timer1/Timer1_Prog.o
 .bss           0x00000000        0x0 Timer1/Timer1_Prog.o
 .text.Timer1_Init
                0x00000000       0x18 Timer1/Timer1_Prog.o
 .text.Timer1_Start
                0x00000000       0x14 Timer1/Timer1_Prog.o
 .text.Timer1_Stop
                0x00000000       0x14 Timer1/Timer1_Prog.o
 .text.Timer1_SetCallBack
                0x00000000        0xe Timer1/Timer1_Prog.o
 .text.Timer1_Set_Comp_Match_A
                0x00000000        0x6 Timer1/Timer1_Prog.o
 .text.Timer1_PWM_Set_Duty
                0x00000000       0x26 Timer1/Timer1_Prog.o
 .text.Timer1_Set_delay_ms_CTC
                0x00000000        0xa Timer1/Timer1_Prog.o
 .text.ICU_clearTimerValue
                0x00000000        0xa Timer1/Timer1_Prog.o
 .text.ICU_init
                0x00000000       0x2e Timer1/Timer1_Prog.o
 .text.ICU_setCallBackFunc
                0x00000000        0xe Timer1/Timer1_Prog.o
 .text.ICU_setEdgeDetectionType
                0x00000000       0x1a Timer1/Timer1_Prog.o
 .text.ICU_getInputCaptureValue
                0x00000000        0x6 Timer1/Timer1_Prog.o
 .text.ICU_deInit
                0x00000000        0x6 Timer1/Timer1_Prog.o
 .text.M_TIMER1_ICU_void_INTDisable
                0x00000000        0x8 Timer1/Timer1_Prog.o
 .text          0x00000000        0x0 Timer2/Timer2_Prog.o
 .data          0x00000000        0x0 Timer2/Timer2_Prog.o
 .bss           0x00000000        0x0 Timer2/Timer2_Prog.o
 .text.Timer2_Stop
                0x00000000       0x14 Timer2/Timer2_Prog.o
 .text.Timer2_Set_Comp_Match
                0x00000000        0x4 Timer2/Timer2_Prog.o
 .text.Timer2_Set_delay_ms_CTC
                0x00000000        0xe Timer2/Timer2_Prog.o
 .text.Timer2_PWM_Set_Duty
                0x00000000       0x2a Timer2/Timer2_Prog.o
 .text          0x00000000        0x0 UART/UART_Prog.o
 .data          0x00000000        0x0 UART/UART_Prog.o
 .bss           0x00000000        0x0 UART/UART_Prog.o
 .text.Uart_Transmit
                0x00000000        0xc UART/UART_Prog.o
 .text.Uart_Receive
                0x00000000        0x8 UART/UART_Prog.o
 .text.UART_vidSendString
                0x00000000       0x2a UART/UART_Prog.o
 .text.USART_ReceiveString
                0x00000000       0x42 UART/UART_Prog.o
 .text.UART_sendNoBlock
                0x00000000        0x4 UART/UART_Prog.o
 .text.UART_receiveNoBlock
                0x00000000        0x4 UART/UART_Prog.o
 .text.UART_TXC_intDisable
                0x00000000        0x8 UART/UART_Prog.o
 .text.UART_RXC_intDisable
                0x00000000        0x8 UART/UART_Prog.o
 .text.UART_TXC_intSetCallBack
                0x00000000        0xa UART/UART_Prog.o
 .text.UART_RXC_intSetCallBack
                0x00000000        0xa UART/UART_Prog.o
 .text.UART_DEMPTY_intSetCallBack
                0x00000000        0xa UART/UART_Prog.o
 .text          0x00000000        0x0 c:/program files (x86)/atmel/studio/7.0/toolchain/avr8/avr8-gnu-toolchain/bin/../lib/gcc/avr/5.4.0/../../../../avr/lib/avr5\libm.a(addsf3.o)
 .data          0x00000000        0x0 c:/program files (x86)/atmel/studio/7.0/toolchain/avr8/avr8-gnu-toolchain/bin/../lib/gcc/avr/5.4.0/../../../../avr/lib/avr5\libm.a(addsf3.o)
 .bss           0x00000000        0x0 c:/program files (x86)/atmel/studio/7.0/toolchain/avr8/avr8-gnu-toolchain/bin/../lib/gcc/avr/5.4.0/../../../../avr/lib/avr5\libm.a(addsf3.o)
 .text          0x00000000        0x0 c:/program files (x86)/atmel/studio/7.0/toolchain/avr8/avr8-gnu-toolchain/bin/../lib/gcc/avr/5.4.0/../../../../avr/lib/avr5\libm.a(addsf3x.o)
 .data          0x00000000        0x0 c:/program files (x86)/atmel/studio/7.0/toolchain/avr8/avr8-gnu-toolchain/bin/../lib/gcc/avr/5.4.0/../../../../avr/lib/avr5\libm.a(addsf3x.o)
 .bss           0x00000000        0x0 c:/program files (x86)/atmel/studio/7.0/toolchain/avr8/avr8-gnu-toolchain/bin/../lib/gcc/avr/5.4.0/../../../../avr/lib/avr5\libm.a(addsf3x.o)
 .text          0x00000000        0x0 c:/program files (x86)/atmel/studio/7.0/toolchain/avr8/avr8-gnu-toolchain/bin/../lib/gcc/avr/5.4.0/../../../../avr/lib/avr5\libm.a(divsf3.o)
 .data          0x00000000        0x0 c:/program files (x86)/atmel/studio/7.0/toolchain/avr8/avr8-gnu-toolchain/bin/../lib/gcc/avr/5.4.0/../../../../avr/lib/avr5\libm.a(divsf3.o)
 .bss           0x00000000        0x0 c:/program files (x86)/atmel/studio/7.0/toolchain/avr8/avr8-gnu-toolchain/bin/../lib/gcc/avr/5.4.0/../../../../avr/lib/avr5\libm.a(divsf3.o)
 .text          0x00000000        0x0 c:/program files (x86)/atmel/studio/7.0/toolchain/avr8/avr8-gnu-toolchain/bin/../lib/gcc/avr/5.4.0/../../../../avr/lib/avr5\libm.a(divsf3x.o)
 .data          0x00000000        0x0 c:/program files (x86)/atmel/studio/7.0/toolchain/avr8/avr8-gnu-toolchain/bin/../lib/gcc/avr/5.4.0/../../../../avr/lib/avr5\libm.a(divsf3x.o)
 .bss           0x00000000        0x0 c:/program files (x86)/atmel/studio/7.0/toolchain/avr8/avr8-gnu-toolchain/bin/../lib/gcc/avr/5.4.0/../../../../avr/lib/avr5\libm.a(divsf3x.o)
 .text          0x00000000        0x0 c:/program files (x86)/atmel/studio/7.0/toolchain/avr8/avr8-gnu-toolchain/bin/../lib/gcc/avr/5.4.0/../../../../avr/lib/avr5\libm.a(fixunssfsi.o)
 .data          0x00000000        0x0 c:/program files (x86)/atmel/studio/7.0/toolchain/avr8/avr8-gnu-toolchain/bin/../lib/gcc/avr/5.4.0/../../../../avr/lib/avr5\libm.a(fixunssfsi.o)
 .bss           0x00000000        0x0 c:/program files (x86)/atmel/studio/7.0/toolchain/avr8/avr8-gnu-toolchain/bin/../lib/gcc/avr/5.4.0/../../../../avr/lib/avr5\libm.a(fixunssfsi.o)
 .text          0x00000000        0x0 c:/program files (x86)/atmel/studio/7.0/toolchain/avr8/avr8-gnu-toolchain/bin/../lib/gcc/avr/5.4.0/../../../../avr/lib/avr5\libm.a(floatsisf.o)
 .data          0x00000000        0x0 c:/program files (x86)/atmel/studio/7.0/toolchain/avr8/avr8-gnu-toolchain/bin/../lib/gcc/avr/5.4.0/../../../../avr/lib/avr5\libm.a(floatsisf.o)
 .bss           0x00000000        0x0 c:/program files (x86)/atmel/studio/7.0/toolchain/avr8/avr8-gnu-toolchain/bin/../lib/gcc/avr/5.4.0/../../../../avr/lib/avr5\libm.a(floatsisf.o)
 .text          0x00000000        0x0 c:/program files (x86)/atmel/studio/7.0/toolchain/avr8/avr8-gnu-toolchain/bin/../lib/gcc/avr/5.4.0/../../../../avr/lib/avr5\libm.a(fp_inf.o)
 .data          0x00000000        0x0 c:/program files (x86)/atmel/studio/7.0/toolchain/avr8/avr8-gnu-toolchain/bin/../lib/gcc/avr/5.4.0/../../../../avr/lib/avr5\libm.a(fp_inf.o)
 .bss           0x00000000        0x0 c:/program files (x86)/atmel/studio/7.0/toolchain/avr8/avr8-gnu-toolchain/bin/../lib/gcc/avr/5.4.0/../../../../avr/lib/avr5\libm.a(fp_inf.o)
 .text          0x00000000        0x0 c:/program files (x86)/atmel/studio/7.0/toolchain/avr8/avr8-gnu-toolchain/bin/../lib/gcc/avr/5.4.0/../../../../avr/lib/avr5\libm.a(fp_nan.o)
 .data          0x00000000        0x0 c:/program files (x86)/atmel/studio/7.0/toolchain/avr8/avr8-gnu-toolchain/bin/../lib/gcc/avr/5.4.0/../../../../avr/lib/avr5\libm.a(fp_nan.o)
 .bss           0x00000000        0x0 c:/program files (x86)/atmel/studio/7.0/toolchain/avr8/avr8-gnu-toolchain/bin/../lib/gcc/avr/5.4.0/../../../../avr/lib/avr5\libm.a(fp_nan.o)
 .text          0x00000000        0x0 c:/program files (x86)/atmel/studio/7.0/toolchain/avr8/avr8-gnu-toolchain/bin/../lib/gcc/avr/5.4.0/../../../../avr/lib/avr5\libm.a(fp_pscA.o)
 .data          0x00000000        0x0 c:/program files (x86)/atmel/studio/7.0/toolchain/avr8/avr8-gnu-toolchain/bin/../lib/gcc/avr/5.4.0/../../../../avr/lib/avr5\libm.a(fp_pscA.o)
 .bss           0x00000000        0x0 c:/program files (x86)/atmel/studio/7.0/toolchain/avr8/avr8-gnu-toolchain/bin/../lib/gcc/avr/5.4.0/../../../../avr/lib/avr5\libm.a(fp_pscA.o)
 .text          0x00000000        0x0 c:/program files (x86)/atmel/studio/7.0/toolchain/avr8/avr8-gnu-toolchain/bin/../lib/gcc/avr/5.4.0/../../../../avr/lib/avr5\libm.a(fp_pscB.o)
 .data          0x00000000        0x0 c:/program files (x86)/atmel/studio/7.0/toolchain/avr8/avr8-gnu-toolchain/bin/../lib/gcc/avr/5.4.0/../../../../avr/lib/avr5\libm.a(fp_pscB.o)
 .bss           0x00000000        0x0 c:/program files (x86)/atmel/studio/7.0/toolchain/avr8/avr8-gnu-toolchain/bin/../lib/gcc/avr/5.4.0/../../../../avr/lib/avr5\libm.a(fp_pscB.o)
 .text          0x00000000        0x0 c:/program files (x86)/atmel/studio/7.0/toolchain/avr8/avr8-gnu-toolchain/bin/../lib/gcc/avr/5.4.0/../../../../avr/lib/avr5\libm.a(fp_round.o)
 .data          0x00000000        0x0 c:/program files (x86)/atmel/studio/7.0/toolchain/avr8/avr8-gnu-toolchain/bin/../lib/gcc/avr/5.4.0/../../../../avr/lib/avr5\libm.a(fp_round.o)
 .bss           0x00000000        0x0 c:/program files (x86)/atmel/studio/7.0/toolchain/avr8/avr8-gnu-toolchain/bin/../lib/gcc/avr/5.4.0/../../../../avr/lib/avr5\libm.a(fp_round.o)
 .text          0x00000000        0x0 c:/program files (x86)/atmel/studio/7.0/toolchain/avr8/avr8-gnu-toolchain/bin/../lib/gcc/avr/5.4.0/../../../../avr/lib/avr5\libm.a(fp_split3.o)
 .data          0x00000000        0x0 c:/program files (x86)/atmel/studio/7.0/toolchain/avr8/avr8-gnu-toolchain/bin/../lib/gcc/avr/5.4.0/../../../../avr/lib/avr5\libm.a(fp_split3.o)
 .bss           0x00000000        0x0 c:/program files (x86)/atmel/studio/7.0/toolchain/avr8/avr8-gnu-toolchain/bin/../lib/gcc/avr/5.4.0/../../../../avr/lib/avr5\libm.a(fp_split3.o)
 .text          0x00000000        0x0 c:/program files (x86)/atmel/studio/7.0/toolchain/avr8/avr8-gnu-toolchain/bin/../lib/gcc/avr/5.4.0/../../../../avr/lib/avr5\libm.a(fp_zero.o)
 .data          0x00000000        0x0 c:/program files (x86)/atmel/studio/7.0/toolchain/avr8/avr8-gnu-toolchain/bin/../lib/gcc/avr/5.4.0/../../../../avr/lib/avr5\libm.a(fp_zero.o)
 .bss           0x00000000        0x0 c:/program files (x86)/atmel/studio/7.0/toolchain/avr8/avr8-gnu-toolchain/bin/../lib/gcc/avr/5.4.0/../../../../avr/lib/avr5\libm.a(fp_zero.o)
 .text          0x00000000        0x0 c:/program files (x86)/atmel/studio/7.0/toolchain/avr8/avr8-gnu-toolchain/bin/../lib/gcc/avr/5.4.0/../../../../avr/lib/avr5\libm.a(mulsf3.o)
 .data          0x00000000        0x0 c:/program files (x86)/atmel/studio/7.0/toolchain/avr8/avr8-gnu-toolchain/bin/../lib/gcc/avr/5.4.0/../../../../avr/lib/avr5\libm.a(mulsf3.o)
 .bss           0x00000000        0x0 c:/program files (x86)/atmel/studio/7.0/toolchain/avr8/avr8-gnu-toolchain/bin/../lib/gcc/avr/5.4.0/../../../../avr/lib/avr5\libm.a(mulsf3.o)
 .text          0x00000000        0x0 c:/program files (x86)/atmel/studio/7.0/toolchain/avr8/avr8-gnu-toolchain/bin/../lib/gcc/avr/5.4.0/../../../../avr/lib/avr5\libm.a(mulsf3x.o)
 .data          0x00000000        0x0 c:/program files (x86)/atmel/studio/7.0/toolchain/avr8/avr8-gnu-toolchain/bin/../lib/gcc/avr/5.4.0/../../../../avr/lib/avr5\libm.a(mulsf3x.o)
 .bss           0x00000000        0x0 c:/program files (x86)/atmel/studio/7.0/toolchain/avr8/avr8-gnu-toolchain/bin/../lib/gcc/avr/5.4.0/../../../../avr/lib/avr5\libm.a(mulsf3x.o)
 .text          0x00000000        0x0 c:/program files (x86)/atmel/studio/7.0/toolchain/avr8/avr8-gnu-toolchain/bin/../lib/gcc/avr/5.4.0/avr5\libgcc.a(_udivmodsi4.o)
 .data          0x00000000        0x0 c:/program files (x86)/atmel/studio/7.0/toolchain/avr8/avr8-gnu-toolchain/bin/../lib/gcc/avr/5.4.0/avr5\libgcc.a(_udivmodsi4.o)
 .bss           0x00000000        0x0 c:/program files (x86)/atmel/studio/7.0/toolchain/avr8/avr8-gnu-toolchain/bin/../lib/gcc/avr/5.4.0/avr5\libgcc.a(_udivmodsi4.o)
 .text.libgcc.mul
                0x00000000        0x0 c:/program files (x86)/atmel/studio/7.0/toolchain/avr8/avr8-gnu-toolchain/bin/../lib/gcc/avr/5.4.0/avr5\libgcc.a(_udivmodsi4.o)
 .text.libgcc   0x00000000        0x0 c:/program files (x86)/atmel/studio/7.0/toolchain/avr8/avr8-gnu-toolchain/bin/../lib/gcc/avr/5.4.0/avr5\libgcc.a(_udivmodsi4.o)
 .text.libgcc.prologue
                0x00000000        0x0 c:/program files (x86)/atmel/studio/7.0/toolchain/avr8/avr8-gnu-toolchain/bin/../lib/gcc/avr/5.4.0/avr5\libgcc.a(_udivmodsi4.o)
 .text.libgcc.builtins
                0x00000000        0x0 c:/program files (x86)/atmel/studio/7.0/toolchain/avr8/avr8-gnu-toolchain/bin/../lib/gcc/avr/5.4.0/avr5\libgcc.a(_udivmodsi4.o)
 .text.libgcc.fmul
                0x00000000        0x0 c:/program files (x86)/atmel/studio/7.0/toolchain/avr8/avr8-gnu-toolchain/bin/../lib/gcc/avr/5.4.0/avr5\libgcc.a(_udivmodsi4.o)
 .text.libgcc.fixed
                0x00000000        0x0 c:/program files (x86)/atmel/studio/7.0/toolchain/avr8/avr8-gnu-toolchain/bin/../lib/gcc/avr/5.4.0/avr5\libgcc.a(_udivmodsi4.o)
 .text          0x00000000        0x0 c:/program files (x86)/atmel/studio/7.0/toolchain/avr8/avr8-gnu-toolchain/bin/../lib/gcc/avr/5.4.0/avr5\libgcc.a(_divmodsi4.o)
 .data          0x00000000        0x0 c:/program files (x86)/atmel/studio/7.0/toolchain/avr8/avr8-gnu-toolchain/bin/../lib/gcc/avr/5.4.0/avr5\libgcc.a(_divmodsi4.o)
 .bss           0x00000000        0x0 c:/program files (x86)/atmel/studio/7.0/toolchain/avr8/avr8-gnu-toolchain/bin/../lib/gcc/avr/5.4.0/avr5\libgcc.a(_divmodsi4.o)
 .text.libgcc.mul
                0x00000000        0x0 c:/program files (x86)/atmel/studio/7.0/toolchain/avr8/avr8-gnu-toolchain/bin/../lib/gcc/avr/5.4.0/avr5\libgcc.a(_divmodsi4.o)
 .text.libgcc.div
                0x00000000       0x2e c:/program files (x86)/atmel/studio/7.0/toolchain/avr8/avr8-gnu-toolchain/bin/../lib/gcc/avr/5.4.0/avr5\libgcc.a(_divmodsi4.o)
 .text.libgcc   0x00000000        0x0 c:/program files (x86)/atmel/studio/7.0/toolchain/avr8/avr8-gnu-toolchain/bin/../lib/gcc/avr/5.4.0/avr5\libgcc.a(_divmodsi4.o)
 .text.libgcc.prologue
                0x00000000        0x0 c:/program files (x86)/atmel/studio/7.0/toolchain/avr8/avr8-gnu-toolchain/bin/../lib/gcc/avr/5.4.0/avr5\libgcc.a(_divmodsi4.o)
 .text.libgcc.builtins
                0x00000000        0x0 c:/program files (x86)/atmel/studio/7.0/toolchain/avr8/avr8-gnu-toolchain/bin/../lib/gcc/avr/5.4.0/avr5\libgcc.a(_divmodsi4.o)
 .text.libgcc.fmul
                0x00000000        0x0 c:/program files (x86)/atmel/studio/7.0/toolchain/avr8/avr8-gnu-toolchain/bin/../lib/gcc/avr/5.4.0/avr5\libgcc.a(_divmodsi4.o)
 .text.libgcc.fixed
                0x00000000        0x0 c:/program files (x86)/atmel/studio/7.0/toolchain/avr8/avr8-gnu-toolchain/bin/../lib/gcc/avr/5.4.0/avr5\libgcc.a(_divmodsi4.o)
 .text          0x00000000        0x0 c:/program files (x86)/atmel/studio/7.0/toolchain/avr8/avr8-gnu-toolchain/bin/../lib/gcc/avr/5.4.0/avr5\libgcc.a(_negsi2.o)
 .data          0x00000000        0x0 c:/program files (x86)/atmel/studio/7.0/toolchain/avr8/avr8-gnu-toolchain/bin/../lib/gcc/avr/5.4.0/avr5\libgcc.a(_negsi2.o)
 .bss           0x00000000        0x0 c:/program files (x86)/atmel/studio/7.0/toolchain/avr8/avr8-gnu-toolchain/bin/../lib/gcc/avr/5.4.0/avr5\libgcc.a(_negsi2.o)
 .text.libgcc.mul
                0x00000000        0x0 c:/program files (x86)/atmel/studio/7.0/toolchain/avr8/avr8-gnu-toolchain/bin/../lib/gcc/avr/5.4.0/avr5\libgcc.a(_negsi2.o)
 .text.libgcc.div
                0x00000000       0x10 c:/program files (x86)/atmel/studio/7.0/toolchain/avr8/avr8-gnu-toolchain/bin/../lib/gcc/avr/5.4.0/avr5\libgcc.a(_negsi2.o)
 .text.libgcc   0x00000000        0x0 c:/program files (x86)/atmel/studio/7.0/toolchain/avr8/avr8-gnu-toolchain/bin/../lib/gcc/avr/5.4.0/avr5\libgcc.a(_negsi2.o)
 .text.libgcc.prologue
                0x00000000        0x0 c:/program files (x86)/atmel/studio/7.0/toolchain/avr8/avr8-gnu-toolchain/bin/../lib/gcc/avr/5.4.0/avr5\libgcc.a(_negsi2.o)
 .text.libgcc.builtins
                0x00000000        0x0 c:/program files (x86)/atmel/studio/7.0/toolchain/avr8/avr8-gnu-toolchain/bin/../lib/gcc/avr/5.4.0/avr5\libgcc.a(_negsi2.o)
 .text.libgcc.fmul
                0x00000000        0x0 c:/program files (x86)/atmel/studio/7.0/toolchain/avr8/avr8-gnu-toolchain/bin/../lib/gcc/avr/5.4.0/avr5\libgcc.a(_negsi2.o)
 .text.libgcc.fixed
                0x00000000        0x0 c:/program files (x86)/atmel/studio/7.0/toolchain/avr8/avr8-gnu-toolchain/bin/../lib/gcc/avr/5.4.0/avr5\libgcc.a(_negsi2.o)
 .text          0x00000000        0x0 c:/program files (x86)/atmel/studio/7.0/toolchain/avr8/avr8-gnu-toolchain/bin/../lib/gcc/avr/5.4.0/avr5\libgcc.a(_exit.o)
 .data          0x00000000        0x0 c:/program files (x86)/atmel/studio/7.0/toolchain/avr8/avr8-gnu-toolchain/bin/../lib/gcc/avr/5.4.0/avr5\libgcc.a(_exit.o)
 .bss           0x00000000        0x0 c:/program files (x86)/atmel/studio/7.0/toolchain/avr8/avr8-gnu-toolchain/bin/../lib/gcc/avr/5.4.0/avr5\libgcc.a(_exit.o)
 .text.libgcc.mul
                0x00000000        0x0 c:/program files (x86)/atmel/studio/7.0/toolchain/avr8/avr8-gnu-toolchain/bin/../lib/gcc/avr/5.4.0/avr5\libgcc.a(_exit.o)
 .text.libgcc.div
                0x00000000        0x0 c:/program files (x86)/atmel/studio/7.0/toolchain/avr8/avr8-gnu-toolchain/bin/../lib/gcc/avr/5.4.0/avr5\libgcc.a(_exit.o)
 .text.libgcc   0x00000000        0x0 c:/program files (x86)/atmel/studio/7.0/toolchain/avr8/avr8-gnu-toolchain/bin/../lib/gcc/avr/5.4.0/avr5\libgcc.a(_exit.o)
 .text.libgcc.prologue
                0x00000000        0x0 c:/program files (x86)/atmel/studio/7.0/toolchain/avr8/avr8-gnu-toolchain/bin/../lib/gcc/avr/5.4.0/avr5\libgcc.a(_exit.o)
 .text.libgcc.builtins
                0x00000000        0x0 c:/program files (x86)/atmel/studio/7.0/toolchain/avr8/avr8-gnu-toolchain/bin/../lib/gcc/avr/5.4.0/avr5\libgcc.a(_exit.o)
 .text.libgcc.fmul
                0x00000000        0x0 c:/program files (x86)/atmel/studio/7.0/toolchain/avr8/avr8-gnu-toolchain/bin/../lib/gcc/avr/5.4.0/avr5\libgcc.a(_exit.o)
 .text.libgcc.fixed
                0x00000000        0x0 c:/program files (x86)/atmel/studio/7.0/toolchain/avr8/avr8-gnu-toolchain/bin/../lib/gcc/avr/5.4.0/avr5\libgcc.a(_exit.o)
 .text          0x00000000        0x0 c:/program files (x86)/atmel/studio/7.0/toolchain/avr8/avr8-gnu-toolchain/bin/../lib/gcc/avr/5.4.0/avr5\libgcc.a(_tablejump2.o)
 .data          0x00000000        0x0 c:/program files (x86)/atmel/studio/7.0/toolchain/avr8/avr8-gnu-toolchain/bin/../lib/gcc/avr/5.4.0/avr5\libgcc.a(_tablejump2.o)
 .bss           0x00000000        0x0 c:/program files (x86)/atmel/studio/7.0/toolchain/avr8/avr8-gnu-toolchain/bin/../lib/gcc/avr/5.4.0/avr5\libgcc.a(_tablejump2.o)
 .text.libgcc.mul
                0x00000000        0x0 c:/program files (x86)/atmel/studio/7.0/toolchain/avr8/avr8-gnu-toolchain/bin/../lib/gcc/avr/5.4.0/avr5\libgcc.a(_tablejump2.o)
 .text.libgcc.div
                0x00000000        0x0 c:/program files (x86)/atmel/studio/7.0/toolchain/avr8/avr8-gnu-toolchain/bin/../lib/gcc/avr/5.4.0/avr5\libgcc.a(_tablejump2.o)
 .text.libgcc   0x00000000        0xc c:/program files (x86)/atmel/studio/7.0/toolchain/avr8/avr8-gnu-toolchain/bin/../lib/gcc/avr/5.4.0/avr5\libgcc.a(_tablejump2.o)
 .text.libgcc.prologue
                0x00000000        0x0 c:/program files (x86)/atmel/studio/7.0/toolchain/avr8/avr8-gnu-toolchain/bin/../lib/gcc/avr/5.4.0/avr5\libgcc.a(_tablejump2.o)
 .text.libgcc.builtins
                0x00000000        0x0 c:/program files (x86)/atmel/studio/7.0/toolchain/avr8/avr8-gnu-toolchain/bin/../lib/gcc/avr/5.4.0/avr5\libgcc.a(_tablejump2.o)
 .text.libgcc.fmul
                0x00000000        0x0 c:/program files (x86)/atmel/studio/7.0/toolchain/avr8/avr8-gnu-toolchain/bin/../lib/gcc/avr/5.4.0/avr5\libgcc.a(_tablejump2.o)
 .text.libgcc.fixed
                0x00000000        0x0 c:/program files (x86)/atmel/studio/7.0/toolchain/avr8/avr8-gnu-toolchain/bin/../lib/gcc/avr/5.4.0/avr5\libgcc.a(_tablejump2.o)
 .text          0x00000000        0x0 c:/program files (x86)/atmel/studio/7.0/toolchain/avr8/avr8-gnu-toolchain/bin/../lib/gcc/avr/5.4.0/avr5\libgcc.a(_copy_data.o)
 .data          0x00000000        0x0 c:/program files (x86)/atmel/studio/7.0/toolchain/avr8/avr8-gnu-toolchain/bin/../lib/gcc/avr/5.4.0/avr5\libgcc.a(_copy_data.o)
 .bss           0x00000000        0x0 c:/program files (x86)/atmel/studio/7.0/toolchain/avr8/avr8-gnu-toolchain/bin/../lib/gcc/avr/5.4.0/avr5\libgcc.a(_copy_data.o)
 .text.libgcc.mul
                0x00000000        0x0 c:/program files (x86)/atmel/studio/7.0/toolchain/avr8/avr8-gnu-toolchain/bin/../lib/gcc/avr/5.4.0/avr5\libgcc.a(_copy_data.o)
 .text.libgcc.div
                0x00000000        0x0 c:/program files (x86)/atmel/studio/7.0/toolchain/avr8/avr8-gnu-toolchain/bin/../lib/gcc/avr/5.4.0/avr5\libgcc.a(_copy_data.o)
 .text.libgcc   0x00000000        0x0 c:/program files (x86)/atmel/studio/7.0/toolchain/avr8/avr8-gnu-toolchain/bin/../lib/gcc/avr/5.4.0/avr5\libgcc.a(_copy_data.o)
 .text.libgcc.prologue
                0x00000000        0x0 c:/program files (x86)/atmel/studio/7.0/toolchain/avr8/avr8-gnu-toolchain/bin/../lib/gcc/avr/5.4.0/avr5\libgcc.a(_copy_data.o)
 .text.libgcc.builtins
                0x00000000        0x0 c:/program files (x86)/atmel/studio/7.0/toolchain/avr8/avr8-gnu-toolchain/bin/../lib/gcc/avr/5.4.0/avr5\libgcc.a(_copy_data.o)
 .text.libgcc.fmul
                0x00000000        0x0 c:/program files (x86)/atmel/studio/7.0/toolchain/avr8/avr8-gnu-toolchain/bin/../lib/gcc/avr/5.4.0/avr5\libgcc.a(_copy_data.o)
 .text.libgcc.fixed
                0x00000000        0x0 c:/program files (x86)/atmel/studio/7.0/toolchain/avr8/avr8-gnu-toolchain/bin/../lib/gcc/avr/5.4.0/avr5\libgcc.a(_copy_data.o)
 .text          0x00000000        0x0 c:/program files (x86)/atmel/studio/7.0/toolchain/avr8/avr8-gnu-toolchain/bin/../lib/gcc/avr/5.4.0/avr5\libgcc.a(_clear_bss.o)
 .data          0x00000000        0x0 c:/program files (x86)/atmel/studio/7.0/toolchain/avr8/avr8-gnu-toolchain/bin/../lib/gcc/avr/5.4.0/avr5\libgcc.a(_clear_bss.o)
 .bss           0x00000000        0x0 c:/program files (x86)/atmel/studio/7.0/toolchain/avr8/avr8-gnu-toolchain/bin/../lib/gcc/avr/5.4.0/avr5\libgcc.a(_clear_bss.o)
 .text.libgcc.mul
                0x00000000        0x0 c:/program files (x86)/atmel/studio/7.0/toolchain/avr8/avr8-gnu-toolchain/bin/../lib/gcc/avr/5.4.0/avr5\libgcc.a(_clear_bss.o)
 .text.libgcc.div
                0x00000000        0x0 c:/program files (x86)/atmel/studio/7.0/toolchain/avr8/avr8-gnu-toolchain/bin/../lib/gcc/avr/5.4.0/avr5\libgcc.a(_clear_bss.o)
 .text.libgcc   0x00000000        0x0 c:/program files (x86)/atmel/studio/7.0/toolchain/avr8/avr8-gnu-toolchain/bin/../lib/gcc/avr/5.4.0/avr5\libgcc.a(_clear_bss.o)
 .text.libgcc.prologue
                0x00000000        0x0 c:/program files (x86)/atmel/studio/7.0/toolchain/avr8/avr8-gnu-toolchain/bin/../lib/gcc/avr/5.4.0/avr5\libgcc.a(_clear_bss.o)
 .text.libgcc.builtins
                0x00000000        0x0 c:/program files (x86)/atmel/studio/7.0/toolchain/avr8/avr8-gnu-toolchain/bin/../lib/gcc/avr/5.4.0/avr5\libgcc.a(_clear_bss.o)
 .text.libgcc.fmul
                0x00000000        0x0 c:/program files (x86)/atmel/studio/7.0/toolchain/avr8/avr8-gnu-toolchain/bin/../lib/gcc/avr/5.4.0/avr5\libgcc.a(_clear_bss.o)
 .text.libgcc.fixed
                0x00000000        0x0 c:/program files (x86)/atmel/studio/7.0/toolchain/avr8/avr8-gnu-toolchain/bin/../lib/gcc/avr/5.4.0/avr5\libgcc.a(_clear_bss.o)
 .text          0x00000000        0x0 c:/program files (x86)/atmel/studio/7.0/toolchain/avr8/avr8-gnu-toolchain/bin/../lib/gcc/avr/5.4.0/avr5\libgcc.a(_umulhisi3.o)
 .data          0x00000000        0x0 c:/program files (x86)/atmel/studio/7.0/toolchain/avr8/avr8-gnu-toolchain/bin/../lib/gcc/avr/5.4.0/avr5\libgcc.a(_umulhisi3.o)
 .bss           0x00000000        0x0 c:/program files (x86)/atmel/studio/7.0/toolchain/avr8/avr8-gnu-toolchain/bin/../lib/gcc/avr/5.4.0/avr5\libgcc.a(_umulhisi3.o)
 .text.libgcc.div
                0x00000000        0x0 c:/program files (x86)/atmel/studio/7.0/toolchain/avr8/avr8-gnu-toolchain/bin/../lib/gcc/avr/5.4.0/avr5\libgcc.a(_umulhisi3.o)
 .text.libgcc   0x00000000        0x0 c:/program files (x86)/atmel/studio/7.0/toolchain/avr8/avr8-gnu-toolchain/bin/../lib/gcc/avr/5.4.0/avr5\libgcc.a(_umulhisi3.o)
 .text.libgcc.prologue
                0x00000000        0x0 c:/program files (x86)/atmel/studio/7.0/toolchain/avr8/avr8-gnu-toolchain/bin/../lib/gcc/avr/5.4.0/avr5\libgcc.a(_umulhisi3.o)
 .text.libgcc.builtins
                0x00000000        0x0 c:/program files (x86)/atmel/studio/7.0/toolchain/avr8/avr8-gnu-toolchain/bin/../lib/gcc/avr/5.4.0/avr5\libgcc.a(_umulhisi3.o)
 .text.libgcc.fmul
                0x00000000        0x0 c:/program files (x86)/atmel/studio/7.0/toolchain/avr8/avr8-gnu-toolchain/bin/../lib/gcc/avr/5.4.0/avr5\libgcc.a(_umulhisi3.o)
 .text.libgcc.fixed
                0x00000000        0x0 c:/program files (x86)/atmel/studio/7.0/toolchain/avr8/avr8-gnu-toolchain/bin/../lib/gcc/avr/5.4.0/avr5\libgcc.a(_umulhisi3.o)

Memory Configuration

Name             Origin             Length             Attributes
text             0x00000000         0x00008000         xr
data             0x00800060         0x00000800         rw !x
eeprom           0x00810000         0x00000400         rw !x
fuse             0x00820000         0x00000002         rw !x
lock             0x00830000         0x00000400         rw !x
signature        0x00840000         0x00000400         rw !x
user_signatures  0x00850000         0x00000400         rw !x
*default*        0x00000000         0xffffffff

Linker script and memory map

LOAD C:/Program Files (x86)/Atmel/Studio/7.0/Packs/Atmel/ATmega_DFP/1.7.374/gcc/dev/atmega32/avr5/crtatmega32.o
LOAD ADC/ADC_Program.o
LOAD DIO/DIO_PROG.o
LOAD Ext_EEPROM/EEPROM_program.o
LOAD GI/GI_Prog.o
LOAD I2C/TWI_program.o
LOAD KeyPad/KeyPad_program.o
LOAD LCD/LCD_prog.o
LOAD main.o
LOAD Smart_home.o
LOAD SPI/SPI_Program.o
LOAD SRVM/SRVM_Program.o
LOAD Timer0/TIMR0_Program.o
LOAD Timer1/Timer1_Prog.o
LOAD Timer2/Timer2_Prog.o
LOAD UART/UART_Prog.o
START GROUP
LOAD c:/program files (x86)/atmel/studio/7.0/toolchain/avr8/avr8-gnu-toolchain/bin/../lib/gcc/avr/5.4.0/../../../../avr/lib/avr5\libm.a
END GROUP
START GROUP
LOAD c:/program files (x86)/atmel/studio/7.0/toolchain/avr8/avr8-gnu-toolchain/bin/../lib/gcc/avr/5.4.0/avr5\libgcc.a
LOAD c:/program files (x86)/atmel/studio/7.0/toolchain/avr8/avr8-gnu-toolchain/bin/../lib/gcc/avr/5.4.0/../../../../avr/lib/avr5\libm.a
LOAD c:/program files (x86)/atmel/studio/7.0/toolchain/avr8/avr8-gnu-toolchain/bin/../lib/gcc/avr/5.4.0/../../../../avr/lib/avr5\libc.a
LOAD C:/Program Files (x86)/Atmel/Studio/7.0/Packs/Atmel/ATmega_DFP/1.7.374/gcc/dev/atmega32/avr5\libatmega32.a
END GROUP
                0x00000000                __TEXT_REGION_ORIGIN__ = DEFINED (__TEXT_REGION_ORIGIN__)?__TEXT_REGION_ORIGIN__:0x0
                [0x00800060]                __DATA_REGION_ORIGIN__ = DEFINED (__DATA_REGION_ORIGIN__)?__DATA_REGION_ORIGIN__:0x800060
                [0x00008000]                __TEXT_REGION_LENGTH__ = DEFINED (__TEXT_REGION_LENGTH__)?__TEXT_REGION_LENGTH__:0x20000
                [0x00000800]                __DATA_REGION_LENGTH__ = DEFINED (__DATA_REGION_LENGTH__)?__DATA_REGION_LENGTH__:0xffa0
                [0x00000400]                __EEPROM_REGION_LENGTH__ = DEFINED (__EEPROM_REGION_LENGTH__)?__EEPROM_REGION_LENGTH__:0x10000
                [0x00000002]                __FUSE_REGION_LENGTH__ = DEFINED (__FUSE_REGION_LENGTH__)?__FUSE_REGION_LENGTH__:0x400
                0x00000400                __LOCK_REGION_LENGTH__ = DEFINED (__LOCK_REGION_LENGTH__)?__LOCK_REGION_LENGTH__:0x400
                0x00000400                __SIGNATURE_REGION_LENGTH__ = DEFINED (__SIGNATURE_REGION_LENGTH__)?__SIGNATURE_REGION_LENGTH__:0x400
                0x00000400                __USER_SIGNATURE_REGION_LENGTH__ = DEFINED (__USER_SIGNATURE_REGION_LENGTH__)?__USER_SIGNATURE_REGION_LENGTH__:0x400

.hash
 *(.hash)

.dynsym
 *(.dynsym)

.dynstr
 *(.dynstr)

.gnu.version
 *(.gnu.version)

.gnu.version_d
 *(.gnu.version_d)

.gnu.version_r
 *(.gnu.version_r)

.rel.init
 *(.rel.init)

.rela.init
 *(.rela.init)

.rel.text
 *(.rel.text)
 *(.rel.text.*)
 *(.rel.gnu.linkonce.t*)

.rela.text
 *(.rela.text)
 *(.rela.text.*)
 *(.rela.gnu.linkonce.t*)

.rel.fini
 *(.rel.fini)

.rela.fini
 *(.rela.fini)

.rel.rodata
 *(.rel.rodata)
 *(.rel.rodata.*)
 *(.rel.gnu.linkonce.r*)

.rela.rodata
 *(.rela.rodata)
 *(.rela.rodata.*)
 *(.rela.gnu.linkonce.r*)

.rel.data
 *(.rel.data)
 *(.rel.data.*)
 *(.rel.gnu.linkonce.d*)

.rela.data
 *(.rela.data)
 *(.rela.data.*)
 *(.rela.gnu.linkonce.d*)

.rel.ctors
 *(.rel.ctors)

.rela.ctors
 *(.rela.ctors)

.rel.dtors
 *(.rel.dtors)

.rela.dtors
 *(.rela.dtors)

.rel.got
 *(.rel.got)

.rela.got
 *(.rela.got)

.rel.bss
 *(.rel.bss)

.rela.bss
 *(.rela.bss)

.rel.plt
 *(.rel.plt)

.rela.plt
 *(.rela.plt)

.text           0x00000000      0xf04
 *(.vectors)
 .vectors       0x00000000       0x54 C:/Program Files (x86)/Atmel/Studio/7.0/Packs/Atmel/ATmega_DFP/1.7.374/gcc/dev/atmega32/avr5/crtatmega32.o
                0x00000000                __vector_default
                0x00000000                __vectors
 *(.vectors)
 *(.progmem.gcc*)
                0x00000054                . = ALIGN (0x2)
                0x00000054                __trampolines_start = .
 *(.trampolines)
 .trampolines   0x00000054        0x0 linker stubs
 *(.trampolines*)
                0x00000054                __trampolines_end = .
 *libprintf_flt.a:*(.progmem.data)
 *libc.a:*(.progmem.data)
 *(.progmem*)
                0x00000054                . = ALIGN (0x2)
 *(.jumptables)
 *(.jumptables*)
 *(.lowtext)
 *(.lowtext*)
                0x00000054                __ctors_start = .
 *(.ctors)
                0x00000054                __ctors_end = .
                0x00000054                __dtors_start = .
 *(.dtors)
                0x00000054                __dtors_end = .
 SORT(*)(.ctors)
 SORT(*)(.dtors)
 *(.init0)
 .init0         0x00000054        0x0 C:/Program Files (x86)/Atmel/Studio/7.0/Packs/Atmel/ATmega_DFP/1.7.374/gcc/dev/atmega32/avr5/crtatmega32.o
                0x00000054                __init
 *(.init0)
 *(.init1)
 *(.init1)
 *(.init2)
 .init2         0x00000054        0xc C:/Program Files (x86)/Atmel/Studio/7.0/Packs/Atmel/ATmega_DFP/1.7.374/gcc/dev/atmega32/avr5/crtatmega32.o
 *(.init2)
 *(.init3)
 *(.init3)
 *(.init4)
 .init4         0x00000060       0x16 c:/program files (x86)/atmel/studio/7.0/toolchain/avr8/avr8-gnu-toolchain/bin/../lib/gcc/avr/5.4.0/avr5\libgcc.a(_copy_data.o)
                0x00000060                __do_copy_data
 .init4         0x00000076       0x10 c:/program files (x86)/atmel/studio/7.0/toolchain/avr8/avr8-gnu-toolchain/bin/../lib/gcc/avr/5.4.0/avr5\libgcc.a(_clear_bss.o)
                0x00000076                __do_clear_bss
 *(.init4)
 *(.init5)
 *(.init5)
 *(.init6)
 *(.init6)
 *(.init7)
 *(.init7)
 *(.init8)
 *(.init8)
 *(.init9)
 .init9         0x00000086        0x8 C:/Program Files (x86)/Atmel/Studio/7.0/Packs/Atmel/ATmega_DFP/1.7.374/gcc/dev/atmega32/avr5/crtatmega32.o
 *(.init9)
 *(.text)
 .text          0x0000008e        0x4 C:/Program Files (x86)/Atmel/Studio/7.0/Packs/Atmel/ATmega_DFP/1.7.374/gcc/dev/atmega32/avr5/crtatmega32.o
                0x0000008e                __vector_1
                0x0000008e                __vector_12
                0x0000008e                __bad_interrupt
                0x0000008e                __vector_3
                0x0000008e                __vector_17
                0x0000008e                __vector_19
                0x0000008e                __vector_2
                0x0000008e                __vector_8
                0x0000008e                __vector_18
                0x0000008e                __vector_20
                0x00000092                . = ALIGN (0x2)
 *(.text.*)
 .text.ADC_init
                0x00000092        0x6 ADC/ADC_Program.o
                0x00000092                ADC_init
 .text.ADC_ReadSingleChannel
                0x00000098       0x1a ADC/ADC_Program.o
                0x00000098                ADC_ReadSingleChannel
 .text.__vector_16
                0x000000b2       0x10 ADC/ADC_Program.o
                0x000000b2                __vector_16
 .text.Dio_SetPinMode
                0x000000c2      0x10c DIO/DIO_PROG.o
                0x000000c2                Dio_SetPinMode
 .text.DIO_Init
                0x000001ce       0x20 DIO/DIO_PROG.o
                0x000001ce                DIO_Init
 .text.DIO_WritePinVal
                0x000001ee       0x68 DIO/DIO_PROG.o
                0x000001ee                DIO_WritePinVal
 .text.GI_Enable
                0x00000256        0x8 GI/GI_Prog.o
                0x00000256                GI_Enable
 .text.KEYPAD_init
                0x0000025e       0x42 KeyPad/KeyPad_program.o
                0x0000025e                KEYPAD_init
 .text.Write_Half_Port
                0x000002a0       0x36 LCD/LCD_prog.o
 .text.LCD_send_command
                0x000002d6       0x58 LCD/LCD_prog.o
                0x000002d6                LCD_send_command
 .text.LCD_init
                0x0000032e       0x6e LCD/LCD_prog.o
                0x0000032e                LCD_init
 .text.Timer2_INT
                0x0000039c        0x6 main.o
                0x0000039c                Timer2_INT
 .text.main     0x000003a2      0x160 main.o
                0x000003a2                main
 .text.Control_Led
                0x00000502        0x8 Smart_home.o
                0x00000502                Control_Led
 .text.Read_Temperature
                0x0000050a       0x32 Smart_home.o
                0x0000050a                Read_Temperature
 .text.check_temp
                0x0000053c       0x24 Smart_home.o
                0x0000053c                check_temp
 .text.SPI_SLave_Initialize
                0x00000560       0x16 SPI/SPI_Program.o
                0x00000560                SPI_SLave_Initialize
 .text.SPI_TranCeive
                0x00000576        0xa SPI/SPI_Program.o
                0x00000576                SPI_TranCeive
 .text.SRVM_voidOn
                0x00000580       0xac SRVM/SRVM_Program.o
                0x00000580                SRVM_voidOn
 .text.TIMER0_voidInit
                0x0000062c       0x1a Timer0/TIMR0_Program.o
                0x0000062c                TIMER0_voidInit
 .text.TIMER0_voidStart
                0x00000646       0x14 Timer0/TIMR0_Program.o
                0x00000646                TIMER0_voidStart
 .text.TIMER0_voidSetDutyCycleFastPWM
                0x0000065a       0x26 Timer0/TIMR0_Program.o
                0x0000065a                TIMER0_voidSetDutyCycleFastPWM
 .text.__vector_11
                0x00000680       0x76 Timer0/TIMR0_Program.o
                0x00000680                __vector_11
 .text.__vector_10
                0x000006f6       0x7a Timer0/TIMR0_Program.o
                0x000006f6                __vector_10
 .text.__vector_9
                0x00000770       0x52 Timer1/Timer1_Prog.o
                0x00000770                __vector_9
 .text.__vector_7
                0x000007c2       0x7a Timer1/Timer1_Prog.o
                0x000007c2                __vector_7
 .text.__vector_6
                0x0000083c       0x52 Timer1/Timer1_Prog.o
                0x0000083c                __vector_6
 .text.Timer2_Init
                0x0000088e       0x18 Timer2/Timer2_Prog.o
                0x0000088e                Timer2_Init
 .text.Timer2_Start
                0x000008a6       0x14 Timer2/Timer2_Prog.o
                0x000008a6                Timer2_Start
 .text.Timer2_SetCallBack
                0x000008ba        0xe Timer2/Timer2_Prog.o
                0x000008ba                Timer2_SetCallBack
 .text.__vector_5
                0x000008c8       0x76 Timer2/Timer2_Prog.o
                0x000008c8                __vector_5
 .text.__vector_4
                0x0000093e       0x4c Timer2/Timer2_Prog.o
                0x0000093e                __vector_4
 .text.Uart_init
                0x0000098a       0x18 UART/UART_Prog.o
                0x0000098a                Uart_init
 .text.__vector_15
                0x000009a2       0x4e UART/UART_Prog.o
                0x000009a2                __vector_15
 .text.__vector_13
                0x000009f0       0x4e UART/UART_Prog.o
                0x000009f0                __vector_13
 .text.__vector_14
                0x00000a3e       0x4e UART/UART_Prog.o
                0x00000a3e                __vector_14
 .text.avr-libc.fplib
                0x00000a8c        0xe c:/program files (x86)/atmel/studio/7.0/toolchain/avr8/avr8-gnu-toolchain/bin/../lib/gcc/avr/5.4.0/../../../../avr/lib/avr5\libm.a(addsf3.o)
                0x00000a8c                __subsf3
                0x00000a8e                __addsf3
 .text.avr-libc.fplib
                0x00000a9a       0xcc c:/program files (x86)/atmel/studio/7.0/toolchain/avr8/avr8-gnu-toolchain/bin/../lib/gcc/avr/5.4.0/../../../../avr/lib/avr5\libm.a(addsf3x.o)
                0x00000abc                __addsf3x
 .text.avr-libc.fplib
                0x00000b66        0x8 c:/program files (x86)/atmel/studio/7.0/toolchain/avr8/avr8-gnu-toolchain/bin/../lib/gcc/avr/5.4.0/../../../../avr/lib/avr5\libm.a(divsf3.o)
                0x00000b66                __divsf3
 .text.avr-libc.fplib
                0x00000b6e       0xdc c:/program files (x86)/atmel/studio/7.0/toolchain/avr8/avr8-gnu-toolchain/bin/../lib/gcc/avr/5.4.0/../../../../avr/lib/avr5\libm.a(divsf3x.o)
                0x00000b8e                __divsf3x
                0x00000b94                __divsf3_pse
 .text.avr-libc.fplib
                0x00000c4a       0x5e c:/program files (x86)/atmel/studio/7.0/toolchain/avr8/avr8-gnu-toolchain/bin/../lib/gcc/avr/5.4.0/../../../../avr/lib/avr5\libm.a(fixunssfsi.o)
                0x00000c4a                __fixunssfsi
 .text.avr-libc.fplib
                0x00000ca8       0x7a c:/program files (x86)/atmel/studio/7.0/toolchain/avr8/avr8-gnu-toolchain/bin/../lib/gcc/avr/5.4.0/../../../../avr/lib/avr5\libm.a(floatsisf.o)
                0x00000ca8                __floatunsisf
                0x00000cac                __floatsisf
 .text.avr-libc.fplib
                0x00000d22        0xc c:/program files (x86)/atmel/studio/7.0/toolchain/avr8/avr8-gnu-toolchain/bin/../lib/gcc/avr/5.4.0/../../../../avr/lib/avr5\libm.a(fp_inf.o)
                0x00000d22                __fp_inf
 .text.avr-libc.fplib
                0x00000d2e        0x6 c:/program files (x86)/atmel/studio/7.0/toolchain/avr8/avr8-gnu-toolchain/bin/../lib/gcc/avr/5.4.0/../../../../avr/lib/avr5\libm.a(fp_nan.o)
                0x00000d2e                __fp_nan
 .text.avr-libc.fplib
                0x00000d34        0xe c:/program files (x86)/atmel/studio/7.0/toolchain/avr8/avr8-gnu-toolchain/bin/../lib/gcc/avr/5.4.0/../../../../avr/lib/avr5\libm.a(fp_pscA.o)
                0x00000d34                __fp_pscA
 .text.avr-libc.fplib
                0x00000d42        0xe c:/program files (x86)/atmel/studio/7.0/toolchain/avr8/avr8-gnu-toolchain/bin/../lib/gcc/avr/5.4.0/../../../../avr/lib/avr5\libm.a(fp_pscB.o)
                0x00000d42                __fp_pscB
 .text.avr-libc.fplib
                0x00000d50       0x22 c:/program files (x86)/atmel/studio/7.0/toolchain/avr8/avr8-gnu-toolchain/bin/../lib/gcc/avr/5.4.0/../../../../avr/lib/avr5\libm.a(fp_round.o)
                0x00000d50                __fp_round
 .text.avr-libc.fplib
                0x00000d72       0x44 c:/program files (x86)/atmel/studio/7.0/toolchain/avr8/avr8-gnu-toolchain/bin/../lib/gcc/avr/5.4.0/../../../../avr/lib/avr5\libm.a(fp_split3.o)
                0x00000d72                __fp_split3
                0x00000d82                __fp_splitA
 .text.avr-libc.fplib
                0x00000db6        0xe c:/program files (x86)/atmel/studio/7.0/toolchain/avr8/avr8-gnu-toolchain/bin/../lib/gcc/avr/5.4.0/../../../../avr/lib/avr5\libm.a(fp_zero.o)
                0x00000db6                __fp_zero
                0x00000db8                __fp_szero
 .text.avr-libc.fplib
                0x00000dc4        0x8 c:/program files (x86)/atmel/studio/7.0/toolchain/avr8/avr8-gnu-toolchain/bin/../lib/gcc/avr/5.4.0/../../../../avr/lib/avr5\libm.a(mulsf3.o)
                0x00000dc4                __mulsf3
 .text.avr-libc.fplib
                0x00000dcc       0xd2 c:/program files (x86)/atmel/studio/7.0/toolchain/avr8/avr8-gnu-toolchain/bin/../lib/gcc/avr/5.4.0/../../../../avr/lib/avr5\libm.a(mulsf3x.o)
                0x00000dea                __mulsf3x
                0x00000df0                __mulsf3_pse
 .text.libgcc.div
                0x00000e9e       0x44 c:/program files (x86)/atmel/studio/7.0/toolchain/avr8/avr8-gnu-toolchain/bin/../lib/gcc/avr/5.4.0/avr5\libgcc.a(_udivmodsi4.o)
                0x00000e9e                __udivmodsi4
 .text.libgcc.mul
                0x00000ee2       0x1e c:/program files (x86)/atmel/studio/7.0/toolchain/avr8/avr8-gnu-toolchain/bin/../lib/gcc/avr/5.4.0/avr5\libgcc.a(_umulhisi3.o)
                0x00000ee2                __umulhisi3
                0x00000f00                . = ALIGN (0x2)
 *(.fini9)
 .fini9         0x00000f00        0x0 c:/program files (x86)/atmel/studio/7.0/toolchain/avr8/avr8-gnu-toolchain/bin/../lib/gcc/avr/5.4.0/avr5\libgcc.a(_exit.o)
                0x00000f00                _exit
                0x00000f00                exit
 *(.fini9)
 *(.fini8)
 *(.fini8)
 *(.fini7)
 *(.fini7)
 *(.fini6)
 *(.fini6)
 *(.fini5)
 *(.fini5)
 *(.fini4)
 *(.fini4)
 *(.fini3)
 *(.fini3)
 *(.fini2)
 *(.fini2)
 *(.fini1)
 *(.fini1)
 *(.fini0)
 .fini0         0x00000f00        0x4 c:/program files (x86)/atmel/studio/7.0/toolchain/avr8/avr8-gnu-toolchain/bin/../lib/gcc/avr/5.4.0/avr5\libgcc.a(_exit.o)
 *(.fini0)
                0x00000f04                _etext = .

.data           0x00800060       0x30 load address 0x00000f04
                0x00800060                PROVIDE (__data_start, .)
 *(.data)
 *(.data*)
 .data.Dio_PinInitArray
                0x00800060       0x20 DIO/DIO_PROG.o
                0x00800060                Dio_PinInitArray
 *(.gnu.linkonce.d*)
 *(.rodata)
 *(.rodata*)
 .rodata.ArrDDR
                0x00800080        0x8 DIO/DIO_PROG.o
                0x00800080                ArrDDR
 .rodata.ArrPORT
                0x00800088        0x8 DIO/DIO_PROG.o
                0x00800088                ArrPORT
 *(.gnu.linkonce.r*)
                0x00800090                . = ALIGN (0x2)
                0x00800090                _edata = .
                0x00800090                PROVIDE (__data_end, .)

.bss            0x00800090       0x23
                0x00800090                PROVIDE (__bss_start, .)
 *(.bss)
 *(.bss*)
 .bss.ADC_Fptr  0x00800090        0x2 ADC/ADC_Program.o
 .bss.temp_val  0x00800092        0x1 Smart_home.o
                0x00800092                temp_val
 .bss.Counter.1815
                0x00800093        0x2 Timer0/TIMR0_Program.o
 .bss.Counter.1809
                0x00800095        0x2 Timer0/TIMR0_Program.o
 .bss.Private_pCallBackCTC
                0x00800097        0x2 Timer0/TIMR0_Program.o
 .bss.Private_pCallBackOVF
                0x00800099        0x2 Timer0/TIMR0_Program.o
 .bss.Privite_ctcCounter
                0x0080009b        0x2 Timer0/TIMR0_Program.o
 .bss.ctc_counter.1828
                0x0080009d        0x2 Timer1/Timer1_Prog.o
 .bss.private_CTC_A_counter
                0x0080009f        0x2 Timer1/Timer1_Prog.o
                0x0080009f                private_CTC_A_counter
 .bss.private_ptr_ICU
                0x008000a1        0x2 Timer1/Timer1_Prog.o
 .bss.private_ptr_CallBack_OVF
                0x008000a3        0x2 Timer1/Timer1_Prog.o
 .bss.counter.1808
                0x008000a5        0x2 Timer2/Timer2_Prog.o
 .bss.counter.1802
                0x008000a7        0x2 Timer2/Timer2_Prog.o
 .bss.private_CTC_counter2
                0x008000a9        0x2 Timer2/Timer2_Prog.o
                0x008000a9                private_CTC_counter2
 .bss.private_ptr_CallBack_OVF2
                0x008000ab        0x2 Timer2/Timer2_Prog.o
 .bss.uart_dEmpty_fPtr
                0x008000ad        0x2 UART/UART_Prog.o
 .bss.uart_rxc_fPtr
                0x008000af        0x2 UART/UART_Prog.o
 .bss.uart_txc_fPtr
                0x008000b1        0x2 UART/UART_Prog.o
 *(COMMON)
                0x008000b3                PROVIDE (__bss_end, .)
                0x00000f04                __data_load_start = LOADADDR (.data)
                0x00000f34                __data_load_end = (__data_load_start + SIZEOF (.data))

.noinit         0x008000b3        0x0
                [!provide]                PROVIDE (__noinit_start, .)
 *(.noinit*)
                [!provide]                PROVIDE (__noinit_end, .)
                0x008000b3                _end = .
                [!provide]                PROVIDE (__heap_start, .)

.eeprom         0x00810000        0x0
 *(.eeprom*)
                0x00810000                __eeprom_end = .

.fuse
 *(.fuse)
 *(.lfuse)
 *(.hfuse)
 *(.efuse)

.lock
 *(.lock*)

.signature
 *(.signature*)

.user_signatures
 *(.user_signatures*)

.stab
 *(.stab)

.stabstr
 *(.stabstr)

.stab.excl
 *(.stab.excl)

.stab.exclstr
 *(.stab.exclstr)

.stab.index
 *(.stab.index)

.stab.indexstr
 *(.stab.indexstr)

.comment        0x00000000       0x30
 *(.comment)
 .comment       0x00000000       0x30 ADC/ADC_Program.o
                                 0x31 (size before relaxing)
 .comment       0x00000030       0x31 DIO/DIO_PROG.o
 .comment       0x00000030       0x31 GI/GI_Prog.o
 .comment       0x00000030       0x31 KeyPad/KeyPad_program.o
 .comment       0x00000030       0x31 LCD/LCD_prog.o
 .comment       0x00000030       0x31 main.o
 .comment       0x00000030       0x31 Smart_home.o
 .comment       0x00000030       0x31 SPI/SPI_Program.o
 .comment       0x00000030       0x31 SRVM/SRVM_Program.o
 .comment       0x00000030       0x31 Timer0/TIMR0_Program.o
 .comment       0x00000030       0x31 Timer1/Timer1_Prog.o
 .comment       0x00000030       0x31 Timer2/Timer2_Prog.o
 .comment       0x00000030       0x31 UART/UART_Prog.o

.note.gnu.avr.deviceinfo
                0x00000000       0x3c
 .note.gnu.avr.deviceinfo
                0x00000000       0x3c C:/Program Files (x86)/Atmel/Studio/7.0/Packs/Atmel/ATmega_DFP/1.7.374/gcc/dev/atmega32/avr5/crtatmega32.o

.note.gnu.build-id
 *(.note.gnu.build-id)

.debug
 *(.debug)

.line
 *(.line)

.debug_srcinfo
 *(.debug_srcinfo)

.debug_sfnames
 *(.debug_sfnames)

.debug_aranges  0x00000000      0x430
 *(.debug_aranges)
 .debug_aranges
                0x00000000       0x48 ADC/ADC_Program.o
 .debug_aranges
                0x00000048       0x40 DIO/DIO_PROG.o
 .debug_aranges
                0x00000088       0x28 GI/GI_Prog.o
 .debug_aranges
                0x000000b0       0x28 KeyPad/KeyPad_program.o
 .debug_aranges
                0x000000d8       0x78 LCD/LCD_prog.o
 .debug_aranges
                0x00000150       0x28 main.o
 .debug_aranges
                0x00000178       0x58 Smart_home.o
 .debug_aranges
                0x000001d0       0x40 SPI/SPI_Program.o
 .debug_aranges
                0x00000210       0x28 SRVM/SRVM_Program.o
 .debug_aranges
                0x00000238       0x68 Timer0/TIMR0_Program.o
 .debug_aranges
                0x000002a0       0xa0 Timer1/Timer1_Prog.o
 .debug_aranges
                0x00000340       0x60 Timer2/Timer2_Prog.o
 .debug_aranges
                0x000003a0       0x90 UART/UART_Prog.o

.debug_pubnames
 *(.debug_pubnames)

.debug_info     0x00000000     0x3586
 *(.debug_info .gnu.linkonce.wi.*)
 .debug_info    0x00000000      0x4e6 C:/Program Files (x86)/Atmel/Studio/7.0/Packs/Atmel/ATmega_DFP/1.7.374/gcc/dev/atmega32/avr5/crtatmega32.o
 .debug_info    0x000004e6      0x241 ADC/ADC_Program.o
 .debug_info    0x00000727      0x3d1 DIO/DIO_PROG.o
 .debug_info    0x00000af8       0xbc GI/GI_Prog.o
 .debug_info    0x00000bb4      0x30f KeyPad/KeyPad_program.o
 .debug_info    0x00000ec3      0xad7 LCD/LCD_prog.o
 .debug_info    0x0000199a      0x5a8 main.o
 .debug_info    0x00001f42      0x8bd Smart_home.o
 .debug_info    0x000027ff      0x1f4 SPI/SPI_Program.o
 .debug_info    0x000029f3       0xf4 SRVM/SRVM_Program.o
 .debug_info    0x00002ae7      0x248 Timer0/TIMR0_Program.o
 .debug_info    0x00002d2f      0x345 Timer1/Timer1_Prog.o
 .debug_info    0x00003074      0x21d Timer2/Timer2_Prog.o
 .debug_info    0x00003291      0x2f5 UART/UART_Prog.o

.debug_abbrev   0x00000000     0x1420
 *(.debug_abbrev)
 .debug_abbrev  0x00000000      0x4a3 C:/Program Files (x86)/Atmel/Studio/7.0/Packs/Atmel/ATmega_DFP/1.7.374/gcc/dev/atmega32/avr5/crtatmega32.o
 .debug_abbrev  0x000004a3      0x167 ADC/ADC_Program.o
 .debug_abbrev  0x0000060a      0x132 DIO/DIO_PROG.o
 .debug_abbrev  0x0000073c       0x51 GI/GI_Prog.o
 .debug_abbrev  0x0000078d      0x15e KeyPad/KeyPad_program.o
 .debug_abbrev  0x000008eb      0x1fe LCD/LCD_prog.o
 .debug_abbrev  0x00000ae9      0x133 main.o
 .debug_abbrev  0x00000c1c      0x214 Smart_home.o
 .debug_abbrev  0x00000e30       0xd5 SPI/SPI_Program.o
 .debug_abbrev  0x00000f05       0x89 SRVM/SRVM_Program.o
 .debug_abbrev  0x00000f8e       0xc2 Timer0/TIMR0_Program.o
 .debug_abbrev  0x00001050      0x18a Timer1/Timer1_Prog.o
 .debug_abbrev  0x000011da      0x103 Timer2/Timer2_Prog.o
 .debug_abbrev  0x000012dd      0x143 UART/UART_Prog.o

.debug_line     0x00000000     0x1e03
 *(.debug_line .debug_line.* .debug_line_end)
 .debug_line    0x00000000      0x116 C:/Program Files (x86)/Atmel/Studio/7.0/Packs/Atmel/ATmega_DFP/1.7.374/gcc/dev/atmega32/avr5/crtatmega32.o
 .debug_line    0x00000116      0x13f ADC/ADC_Program.o
 .debug_line    0x00000255      0x1c5 DIO/DIO_PROG.o
 .debug_line    0x0000041a       0x71 GI/GI_Prog.o
 .debug_line    0x0000048b      0x29e KeyPad/KeyPad_program.o
 .debug_line    0x00000729      0x558 LCD/LCD_prog.o
 .debug_line    0x00000c81      0x319 main.o
 .debug_line    0x00000f9a      0x437 Smart_home.o
 .debug_line    0x000013d1      0x13a SPI/SPI_Program.o
 .debug_line    0x0000150b       0xce SRVM/SRVM_Program.o
 .debug_line    0x000015d9      0x1bc Timer0/TIMR0_Program.o
 .debug_line    0x00001795      0x2a2 Timer1/Timer1_Prog.o
 .debug_line    0x00001a37      0x18c Timer2/Timer2_Prog.o
 .debug_line    0x00001bc3      0x240 UART/UART_Prog.o

.debug_frame    0x00000000      0xaf0
 *(.debug_frame)
 .debug_frame   0x00000000       0x94 ADC/ADC_Program.o
 .debug_frame   0x00000094       0x6c DIO/DIO_PROG.o
 .debug_frame   0x00000100       0x34 GI/GI_Prog.o
 .debug_frame   0x00000134       0x34 KeyPad/KeyPad_program.o
 .debug_frame   0x00000168      0x158 LCD/LCD_prog.o
 .debug_frame   0x000002c0       0x34 main.o
 .debug_frame   0x000002f4       0xf4 Smart_home.o
 .debug_frame   0x000003e8       0x64 SPI/SPI_Program.o
 .debug_frame   0x0000044c       0x48 SRVM/SRVM_Program.o
 .debug_frame   0x00000494      0x144 Timer0/TIMR0_Program.o
 .debug_frame   0x000005d8      0x204 Timer1/Timer1_Prog.o
 .debug_frame   0x000007dc      0x10c Timer2/Timer2_Prog.o
 .debug_frame   0x000008e8      0x208 UART/UART_Prog.o

.debug_str      0x00000000      0xf9a
 *(.debug_str)
 .debug_str     0x00000000      0x196 C:/Program Files (x86)/Atmel/Studio/7.0/Packs/Atmel/ATmega_DFP/1.7.374/gcc/dev/atmega32/avr5/crtatmega32.o
 .debug_str     0x00000196      0x242 ADC/ADC_Program.o
                                0x299 (size before relaxing)
 .debug_str     0x000003d8      0x1d9 DIO/DIO_PROG.o
                                0x38c (size before relaxing)
 .debug_str     0x000005b1       0x25 GI/GI_Prog.o
                                0x1c6 (size before relaxing)
 .debug_str     0x000005d6       0x85 KeyPad/KeyPad_program.o
                                0x26e (size before relaxing)
 .debug_str     0x0000065b      0x14e LCD/LCD_prog.o
                                0x444 (size before relaxing)
 .debug_str     0x000007a9      0x12b main.o
                                0x3a2 (size before relaxing)
 .debug_str     0x000008d4      0x11c Smart_home.o
                                0x4dd (size before relaxing)
 .debug_str     0x000009f0       0x51 SPI/SPI_Program.o
                                0x2f4 (size before relaxing)
 .debug_str     0x00000a41       0x3b SRVM/SRVM_Program.o
                                0x1e2 (size before relaxing)
 .debug_str     0x00000a7c      0x108 Timer0/TIMR0_Program.o
                                0x2f6 (size before relaxing)
 .debug_str     0x00000b84      0x1fb Timer1/Timer1_Prog.o
                                0x3b6 (size before relaxing)
 .debug_str     0x00000d7f       0xc5 Timer2/Timer2_Prog.o
                                0x2cf (size before relaxing)
 .debug_str     0x00000e44      0x156 UART/UART_Prog.o
                                0x306 (size before relaxing)

.debug_loc      0x00000000     0x1d4c
 *(.debug_loc)
 .debug_loc     0x00000000      0x126 ADC/ADC_Program.o
 .debug_loc     0x00000126      0x2d1 DIO/DIO_PROG.o
 .debug_loc     0x000003f7      0x118 KeyPad/KeyPad_program.o
 .debug_loc     0x0000050f      0x89a LCD/LCD_prog.o
 .debug_loc     0x00000da9       0xc0 main.o
 .debug_loc     0x00000e69      0x47f Smart_home.o
 .debug_loc     0x000012e8       0x1f SPI/SPI_Program.o
 .debug_loc     0x00001307       0x93 SRVM/SRVM_Program.o
 .debug_loc     0x0000139a      0x1b7 Timer0/TIMR0_Program.o
 .debug_loc     0x00001551      0x30f Timer1/Timer1_Prog.o
 .debug_loc     0x00001860      0x14f Timer2/Timer2_Prog.o
 .debug_loc     0x000019af      0x39d UART/UART_Prog.o

.debug_macinfo
 *(.debug_macinfo)

.debug_weaknames
 *(.debug_weaknames)

.debug_funcnames
 *(.debug_funcnames)

.debug_typenames
 *(.debug_typenames)

.debug_varnames
 *(.debug_varnames)

.debug_pubtypes
 *(.debug_pubtypes)

.debug_ranges   0x00000000      0x360
 *(.debug_ranges)
 .debug_ranges  0x00000000       0x38 ADC/ADC_Program.o
 .debug_ranges  0x00000038       0x30 DIO/DIO_PROG.o
 .debug_ranges  0x00000068       0x18 GI/GI_Prog.o
 .debug_ranges  0x00000080       0x18 KeyPad/KeyPad_program.o
 .debug_ranges  0x00000098       0x68 LCD/LCD_prog.o
 .debug_ranges  0x00000100       0x18 main.o
 .debug_ranges  0x00000118       0x48 Smart_home.o
 .debug_ranges  0x00000160       0x30 SPI/SPI_Program.o
 .debug_ranges  0x00000190       0x18 SRVM/SRVM_Program.o
 .debug_ranges  0x000001a8       0x58 Timer0/TIMR0_Program.o
 .debug_ranges  0x00000200       0x90 Timer1/Timer1_Prog.o
 .debug_ranges  0x00000290       0x50 Timer2/Timer2_Prog.o
 .debug_ranges  0x000002e0       0x80 UART/UART_Prog.o

.debug_macro
 *(.debug_macro)
OUTPUT(Smart_Home_Slave.elf elf32-avr)
LOAD linker stubs
